=== STANDARD OUTPUT ===
CHECK verification revision 2: start
CHECK cargo fmt: start
CHECK cargo fmt: passed
CHECK cargo clippy: start
CHECK cargo clippy: passed
CHECK cargo test: start

running 15 tests
test audio::tests::default_output_label_is_stable ... ok
test notification::tests::popup_size_falls_back_before_window_metrics_are_ready ... ok
test config::tests::old_settings_receive_defaults ... ok
test config::tests::settings_json_round_trip ... ok
test protocol::tests::ignores_keepalive_event ... ok
test protocol::tests::strips_header_injection ... ok
test protocol::tests::parses_message_event ... ok
test protocol::tests::validates_topics ... ok
test protocol::tests::truncates_at_character_boundary ... ok
test tests::retained_history_is_small_and_bounded ... ok
test timefmt::tests::formats_epoch ... ok
test timefmt::tests::formats_known_timestamp ... ok
test winhttp::tests::parses_https_server ... ok
test winhttp::tests::parses_ipv6_authority ... ok
test winhttp::tests::parses_self_hosted_path_and_port ... ok

test result: ok. 15 passed; 0 failed; 0 ignored; 0 measured; 0 filtered out; finished in 0.00s

CHECK cargo test: passed
CHECK release build: start
CHECK release build: passed
CHECK foreground UI smoke: start
CHECK foreground UI smoke: passed
CHECK active background listener working set: start
CHECK memory sample: working_set=438272 private=3432448 threads=11
CHECK memory sample: working_set=438272 private=3432448 threads=11
CHECK memory sample: working_set=438272 private=3432448 threads=11
CHECK memory report written: D:\a\ntfy-windows-client\ntfy-windows-client\repository\output\memory-report.json
CHECK release package: start
CHECK release package: passed (D:\a\ntfy-windows-client\ntfy-windows-client\repository\output\ntfy-windows-client-x64.zip)
CHECK active background listener working set: passed
CHECK all required verification: passed
CHECK verification revision 2: exit 0


=== STANDARD ERROR ===
[1m[92m    Updating[0m crates.io index
[1m[92m Downloading[0m crates ...
[1m[92m  Downloaded[0m auto_enums v0.8.10
[1m[92m  Downloaded[0m clru v0.6.3
[1m[92m  Downloaded[0m getopts v0.2.24
[1m[92m  Downloaded[0m arrayref v0.3.9
[1m[92m  Downloaded[0m byteorder-lite v0.1.0
[1m[92m  Downloaded[0m font-types v0.11.3
[1m[92m  Downloaded[0m glutin_wgl_sys v0.6.1
[1m[92m  Downloaded[0m equator v0.4.2
[1m[92m  Downloaded[0m filetime v0.2.29
[1m[92m  Downloaded[0m flate2 v1.1.9
[1m[92m  Downloaded[0m crossbeam-deque v0.8.7
[1m[92m  Downloaded[0m error-code v3.3.2
[1m[92m  Downloaded[0m cursor-icon v1.2.0
[1m[92m  Downloaded[0m i-slint-backend-selector v1.17.1
[1m[92m  Downloaded[0m chrono v0.4.45
[1m[92m  Downloaded[0m const-field-offset v0.2.0
[1m[92m  Downloaded[0m ravif v0.13.0
[1m[92m  Downloaded[0m rgb v0.8.53
[1m[92m  Downloaded[0m semver v1.0.28
[1m[92m  Downloaded[0m unicase v2.9.0
[1m[92m  Downloaded[0m unty v0.0.4
[1m[92m  Downloaded[0m swash v0.2.10
[1m[92m  Downloaded[0m rustybuzz v0.20.1
[1m[92m  Downloaded[0m pico-args v0.5.0
[1m[92m  Downloaded[0m strum_macros v0.28.0
[1m[92m  Downloaded[0m toml_writer v1.1.2+spec-1.1.0
[1m[92m  Downloaded[0m quote v1.0.47
[1m[92m  Downloaded[0m raw-cpuid v11.6.0
[1m[92m  Downloaded[0m regex-automata v0.4.16
[1m[92m  Downloaded[0m wasm-bindgen-macro v0.2.126
[1m[92m  Downloaded[0m aligned v0.4.3
[1m[92m  Downloaded[0m proc-macro-crate v3.5.0
[1m[92m  Downloaded[0m arrayvec v0.7.8
[1m[92m  Downloaded[0m quick-error v2.0.1
[1m[92m  Downloaded[0m windows-link v0.2.1
[1m[92m  Downloaded[0m cc v1.4.0
[1m[92m  Downloaded[0m resvg v0.47.0
[1m[92m  Downloaded[0m allocator-api2 v0.2.21
[1m[92m  Downloaded[0m adler2 v2.0.1
[1m[92m  Downloaded[0m raw-window-handle v0.6.2
[1m[92m  Downloaded[0m rustc-hash v1.1.0
[1m[92m  Downloaded[0m av-scenechange v0.14.1
[1m[92m  Downloaded[0m rspolib v0.1.2
[1m[92m  Downloaded[0m regex v1.13.1
[1m[92m  Downloaded[0m arg_enum_proc_macro v0.3.4
[1m[92m  Downloaded[0m anyhow v1.0.104
[1m[92m  Downloaded[0m rustversion v1.0.23
[1m[92m  Downloaded[0m bitstream-io v4.10.0
[1m[92m  Downloaded[0m aligned-vec v0.6.4
[1m[92m  Downloaded[0m avif-serialize v0.8.9
[1m[92m  Downloaded[0m libc v0.2.189
[1m[92m  Downloaded[0m serde v1.0.229
[1m[92m  Downloaded[0m bytes v1.12.1
[1m[92m  Downloaded[0m color_quant v1.1.0
[1m[92m  Downloaded[0m scopeguard v1.2.0
[1m[92m  Downloaded[0m annotate-snippets v0.12.16
[1m[92m  Downloaded[0m const-field-offset-macro v0.2.0
[1m[92m  Downloaded[0m read-fonts v0.41.0
[1m[92m  Downloaded[0m equivalent v1.0.2
[1m[92m  Downloaded[0m rav1e v0.8.1
[1m[92m  Downloaded[0m form_urlencoded v1.2.2
[1m[92m  Downloaded[0m glob v0.3.4
[1m[92m  Downloaded[0m aho-corasick v1.1.4
[1m[92m  Downloaded[0m autocfg v1.5.1
[1m[92m  Downloaded[0m siphasher v1.0.3
[1m[92m  Downloaded[0m tar v0.4.46
[1m[92m  Downloaded[0m built v0.8.1
[1m[92m  Downloaded[0m simd-adler32 v0.3.10
[1m[92m  Downloaded[0m displaydoc v0.2.7
[1m[92m  Downloaded[0m smol_str v0.2.2
[1m[92m  Downloaded[0m strum v0.28.0
[1m[92m  Downloaded[0m tiny-skia-path v0.12.0
[1m[92m  Downloaded[0m clipboard-win v5.4.1
[1m[92m  Downloaded[0m copypasta v0.10.2
[1m[92m  Downloaded[0m read-fonts v0.39.2
[1m[92m  Downloaded[0m serde_spanned v1.1.1
[1m[92m  Downloaded[0m typed-index-collections v3.5.0
[1m[92m  Downloaded[0m fontdb v0.23.0
[1m[92m  Downloaded[0m harfrust v0.8.4
[1m[92m  Downloaded[0m synstructure v0.13.2
[1m[92m  Downloaded[0m cexpr v0.6.0
[1m[92m  Downloaded[0m xmlwriter v0.1.0
[1m[92m  Downloaded[0m simd_helpers v0.1.0
[1m[92m  Downloaded[0m anstyle v1.0.14
[1m[92m  Downloaded[0m slab v0.4.12
[1m[92m  Downloaded[0m slint-build v1.17.1
[1m[92m  Downloaded[0m spin_on v0.1.1
[1m[92m  Downloaded[0m yazi v0.2.1
[1m[92m  Downloaded[0m cfg-if v1.0.4
[1m[92m  Downloaded[0m hashbrown v0.17.1
[1m[92m  Downloaded[0m i-slint-backend-testing v1.17.1
[1m[92m  Downloaded[0m crossbeam-utils v0.8.22
[1m[92m  Downloaded[0m derive_more v2.1.1
[1m[92m  Downloaded[0m foldhash v0.2.0
[1m[92m  Downloaded[0m fixed_decimal v0.7.2
[1m[92m  Downloaded[0m borsh v1.8.0
[1m[92m  Downloaded[0m bumpalo v3.20.3
[1m[92m  Downloaded[0m euclid v0.22.14
[1m[92m  Downloaded[0m keyboard-types v0.7.0
[1m[92m  Downloaded[0m writeable v0.6.3
[1m[92m  Downloaded[0m bytemuck v1.25.2
[1m[92m  Downloaded[0m grid v1.0.1
[1m[92m  Downloaded[0m clang-sys v1.9.1
[1m[92m  Downloaded[0m num-complex v0.4.6
[1m[92m  Downloaded[0m cfg_aliases v0.2.2
[1m[92m  Downloaded[0m equator-macro v0.4.2
[1m[92m  Downloaded[0m crossbeam-epoch v0.9.20
[1m[92m  Downloaded[0m either v1.17.0
[1m[92m  Downloaded[0m unicode-bidi-mirroring v0.4.0
[1m[92m  Downloaded[0m unicode-xid v0.2.6
[1m[92m  Downloaded[0m zerofrom-derive v0.1.7
[1m[92m  Downloaded[0m bindgen v0.72.1
[1m[92m  Downloaded[0m strict-num v0.1.1
[1m[92m  Downloaded[0m tinyvec_macros v0.1.1
[1m[92m  Downloaded[0m pin-project v1.1.13
[1m[92m  Downloaded[0m zerocopy-derive v0.8.55
[1m[92m  Downloaded[0m dpi v0.1.2
[1m[92m  Downloaded[0m by_address v1.2.1
[1m[92m  Downloaded[0m core_maths v0.1.1
[1m[92m  Downloaded[0m unicode-vo v0.1.0
[1m[92m  Downloaded[0m lebe v0.5.3
[1m[92m  Downloaded[0m half v2.7.1
[1m[92m  Downloaded[0m stable_deref_trait v1.2.1
[1m[92m  Downloaded[0m base64 v0.22.1
[1m[92m  Downloaded[0m glutin-winit v0.5.0
[1m[92m  Downloaded[0m convert_case v0.10.0
[1m[92m  Downloaded[0m crc32fast v1.5.0
[1m[92m  Downloaded[0m fontique v0.10.0
[1m[92m  Downloaded[0m percent-encoding v2.3.2
[1m[92m  Downloaded[0m no_std_io2 v0.9.4
[1m[92m  Downloaded[0m snafu-derive v0.8.9
[1m[92m  Downloaded[0m unicode-ccc v0.4.0
[1m[92m  Downloaded[0m unicode-linebreak v0.1.5
[1m[92m  Downloaded[0m windows-future v0.3.2
[1m[92m  Downloaded[0m thiserror-impl v2.0.19
[1m[92m  Downloaded[0m toml_datetime v1.1.1+spec-1.1.0
[1m[92m  Downloaded[0m critical-section v1.2.0
[1m[92m  Downloaded[0m slint-macros v1.17.1
[1m[92m  Downloaded[0m integer-sqrt v0.1.5
[1m[92m  Downloaded[0m profiling v1.0.18
[1m[92m  Downloaded[0m reborrow v0.5.5
[1m[92m  Downloaded[0m windows-numerics v0.3.1
[1m[92m  Downloaded[0m fax v0.2.7
[1m[92m  Downloaded[0m getrandom v0.4.3
[1m[92m  Downloaded[0m icu_plurals_data v2.2.0
[1m[92m  Downloaded[0m rustc-hash v2.1.3
[1m[92m  Downloaded[0m shlex v1.3.0
[1m[92m  Downloaded[0m text-size v1.1.1
[1m[92m  Downloaded[0m field-offset v0.3.6
[1m[92m  Downloaded[0m kurbo v0.13.1
[1m[92m  Downloaded[0m unicode-script v0.5.8
[1m[92m  Downloaded[0m v_frame v0.3.9
[1m[92m  Downloaded[0m scoped-tls-hkt v0.1.5
[1m[92m  Downloaded[0m roxmltree v0.21.1
[1m[92m  Downloaded[0m tinystr v0.8.3
[1m[92m  Downloaded[0m windows-interface v0.59.3
[1m[92m  Downloaded[0m bit_field v0.10.3
[1m[92m  Downloaded[0m pastey v0.1.1
[1m[92m  Downloaded[0m pin-project-lite v0.2.17
[1m[92m  Downloaded[0m pkg-config v0.3.33
[1m[92m  Downloaded[0m shlex v2.0.1
[1m[92m  Downloaded[0m simplecss v0.2.2
[1m[92m  Downloaded[0m slotmap v1.1.1
[1m[92m  Downloaded[0m smol_str v0.3.6
[1m[92m  Downloaded[0m sys-locale v0.3.2
[1m[92m  Downloaded[0m thiserror v2.0.19
[1m[92m  Downloaded[0m toml_parser v1.1.3+spec-1.1.0
[1m[92m  Downloaded[0m tracing-core v0.1.36
[1m[92m  Downloaded[0m unicode-ident v1.0.24
[1m[92m  Downloaded[0m unicode-properties v0.1.4
[1m[92m  Downloaded[0m windows-implement v0.60.2
[1m[92m  Downloaded[0m zerovec-derive v0.11.3
[1m[92m  Downloaded[0m data-url v0.3.2
[1m[92m  Downloaded[0m font-types v0.12.2
[1m[92m  Downloaded[0m imagesize v0.14.0
[1m[92m  Downloaded[0m rowan v0.16.1
[1m[92m  Downloaded[0m rustc_version v0.4.1
[1m[92m  Downloaded[0m snafu v0.8.9
[1m[92m  Downloaded[0m softbuffer v0.4.8
[1m[92m  Downloaded[0m svgtypes v0.16.1
[1m[92m  Downloaded[0m tinyvec v1.12.0
[1m[92m  Downloaded[0m zeno v0.3.3
[1m[92m  Downloaded[0m lyon_path v1.0.19
[1m[92m  Downloaded[0m num-derive v0.4.2
[1m[92m  Downloaded[0m serde_core v1.0.229
[1m[92m  Downloaded[0m smallvec v1.15.2
[1m[92m  Downloaded[0m toml_edit v0.25.13+spec-1.1.0
[1m[92m  Downloaded[0m unicode-bidi v0.3.18
[1m[92m  Downloaded[0m url v2.5.8
[1m[92m  Downloaded[0m utf8_iter v1.0.4
[1m[92m  Downloaded[0m zune-inflate v0.2.54
[1m[92m  Downloaded[0m countme v3.0.1
[1m[92m  Downloaded[0m icu_normalizer v2.2.0
[1m[92m  Downloaded[0m icu_normalizer_data v2.2.0
[1m[92m  Downloaded[0m log v0.4.33
[1m[92m  Downloaded[0m miniz_oxide v0.8.9
[1m[92m  Downloaded[0m proc-macro2 v1.0.107
[1m[92m  Downloaded[0m serde_json v1.0.151
[1m[92m  Downloaded[0m tiff v0.11.3
[1m[92m  Downloaded[0m toml v1.1.4+spec-1.1.0
[1m[92m  Downloaded[0m xml-rs v0.8.28
[1m[92m  Downloaded[0m zune-core v0.5.1
[1m[92m  Downloaded[0m as-slice v0.2.1
[1m[92m  Downloaded[0m bitflags v2.13.1
[1m[92m  Downloaded[0m bytemuck_derive v1.11.0
[1m[92m  Downloaded[0m float-cmp v0.9.0
[1m[92m  Downloaded[0m gif v0.14.2
[1m[92m  Downloaded[0m gl_generator v0.14.0
[1m[92m  Downloaded[0m glutin_egl_sys v0.7.1
[1m[92m  Downloaded[0m heck v0.5.0
[1m[92m  Downloaded[0m htmlparser v0.2.1
[1m[92m  Downloaded[0m icu_locale v2.2.0
[1m[92m  Downloaded[0m icu_locale_data v2.2.0
[1m[92m  Downloaded[0m nom v7.1.3
[1m[92m  Downloaded[0m num-rational v0.4.2
[1m[92m  Downloaded[0m num_enum v0.7.6
[1m[92m  Downloaded[0m num_enum_derive v0.7.6
[1m[92m  Downloaded[0m prettyplease v0.2.37
[1m[92m  Downloaded[0m serde_derive v1.0.229
[1m[92m  Downloaded[0m skrifa v0.44.0
[1m[92m  Downloaded[0m taffy v0.10.1
[1m[92m  Downloaded[0m unicode-segmentation v1.13.3
[1m[92m  Downloaded[0m wasm-bindgen v0.2.126
[1m[92m  Downloaded[0m zerovec v0.11.6
[1m[92m  Downloaded[0m derive_utils v0.16.0
[1m[92m  Downloaded[0m glutin v0.32.3
[1m[92m  Downloaded[0m i-slint-core-macros v1.17.1
[1m[92m  Downloaded[0m fdeflate v0.3.7
[1m[92m  Downloaded[0m slint v1.17.1
[1m[92m  Downloaded[0m bincode v2.0.1
[1m[92m  Downloaded[0m libloading v0.8.9
[1m[92m  Downloaded[0m libm v0.2.16
[1m[92m  Downloaded[0m litemap v0.8.2
[1m[92m  Downloaded[0m lyon_algorithms v1.0.20
[1m[92m  Downloaded[0m tracing-attributes v0.1.31
[1m[92m  Downloaded[0m ttf-parser v0.25.1
[1m[92m  Downloaded[0m webbrowser v1.2.2
[1m[92m  Downloaded[0m moxcms v0.8.1
[1m[92m  Downloaded[0m rayon v1.12.0
[1m[92m  Downloaded[0m skia-bindings v0.99.0
[1m[92m  Downloaded[0m syn v2.0.119
[1m[92m  Downloaded[0m tiny-skia v0.12.0
[1m[92m  Downloaded[0m unicode-width v0.2.2
[1m[92m  Downloaded[0m usvg v0.47.0
[1m[92m  Downloaded[0m crossbeam-channel v0.5.16
[1m[92m  Downloaded[0m derive_more-impl v2.1.1
[1m[92m  Downloaded[0m glow v0.17.0
[1m[92m  Downloaded[0m itoa v1.0.18
[1m[92m  Downloaded[0m linked-hash-map v0.5.6
[1m[92m  Downloaded[0m memchr v2.8.3
[1m[92m  Downloaded[0m nom v8.0.0
[1m[92m  Downloaded[0m regex-syntax v0.8.11
[1m[92m  Downloaded[0m skrifa v0.42.1
[1m[92m  Downloaded[0m syn v3.0.3
[1m[92m  Downloaded[0m version_check v0.9.5
[1m[92m  Downloaded[0m hashbrown v0.14.5
[1m[92m  Downloaded[0m hashbrown v0.16.1
[1m[92m  Downloaded[0m minimal-lexical v0.2.1
[1m[92m  Downloaded[0m rayon-core v1.13.0
[1m[92m  Downloaded[0m tracing v0.1.44
[1m[92m  Downloaded[0m weezl v0.1.12
[1m[92m  Downloaded[0m exr v1.74.2
[1m[92m  Downloaded[0m linebender_resource_handle v0.1.1
[1m[92m  Downloaded[0m loop9 v0.1.5
[1m[92m  Downloaded[0m num-traits v0.2.19
[1m[92m  Downloaded[0m skia-safe v0.99.0
[1m[92m  Downloaded[0m winit v0.30.13
[1m[92m  Downloaded[0m i-slint-compiler v1.17.1
[1m[92m  Downloaded[0m memoffset v0.9.1
[1m[92m  Downloaded[0m vtable-macro v0.4.0
[1m[92m  Downloaded[0m parley v0.10.0
[1m[92m  Downloaded[0m pulp-wasm-simd-flag v0.1.1
[1m[92m  Downloaded[0m memmap2 v0.9.11
[1m[92m  Downloaded[0m natord v1.0.9
[1m[92m  Downloaded[0m profiling-procmacros v1.0.18
[1m[92m  Downloaded[0m find-msvc-tools v0.1.9
[1m[92m  Downloaded[0m lyon_extra v1.1.0
[1m[92m  Downloaded[0m parlance v0.1.0
[1m[92m  Downloaded[0m potential_utf v0.1.5
[1m[92m  Downloaded[0m vtable v0.4.0
[1m[92m  Downloaded[0m image v0.25.10
[1m[92m  Downloaded[0m paste v1.0.15
[1m[92m  Downloaded[0m pxfm v0.1.30
[1m[92m  Downloaded[0m icu_locale_core v2.2.0
[1m[92m  Downloaded[0m windows-collections v0.3.2
[1m[92m  Downloaded[0m icu_decimal_data v2.2.0
[1m[92m  Downloaded[0m idna_adapter v1.2.2
[1m[92m  Downloaded[0m wasm-bindgen-shared v0.2.126
[1m[92m  Downloaded[0m yoke-derive v0.8.2
[1m[92m  Downloaded[0m icu_plurals v2.2.0
[1m[92m  Downloaded[0m parley_data v0.10.0
[1m[92m  Downloaded[0m num-integer v0.1.46
[1m[92m  Downloaded[0m y4m v0.8.0
[1m[92m  Downloaded[0m zune-jpeg v0.5.15
[1m[92m  Downloaded[0m icu_provider v2.2.0
[1m[92m  Downloaded[0m maybe-rayon v0.1.1
[1m[92m  Downloaded[0m new_debug_unreachable v1.0.6
[1m[92m  Downloaded[0m once_cell v1.21.4
[1m[92m  Downloaded[0m pulldown-cmark-escape v0.11.0
[1m[92m  Downloaded[0m i-slint-renderer-software v1.17.1
[1m[92m  Downloaded[0m jobserver v0.1.35
[1m[92m  Downloaded[0m lyon_geom v1.0.19
[1m[92m  Downloaded[0m zerofrom v0.1.8
[1m[92m  Downloaded[0m pin-utils v0.1.0
[1m[92m  Downloaded[0m windows-targets v0.52.6
[1m[92m  Downloaded[0m khronos_api v3.1.0
[1m[92m  Downloaded[0m i-slint-backend-winit v1.17.1
[1m[92m  Downloaded[0m yoke v0.8.3
[1m[92m  Downloaded[0m i-slint-renderer-skia v1.17.1
[1m[92m  Downloaded[0m noop_proc_macro v0.3.0
[1m[92m  Downloaded[0m linked_hash_set v0.1.6
[1m[92m  Downloaded[0m imgref v1.12.2
[1m[92m  Downloaded[0m lazy_static v1.5.0
[1m[92m  Downloaded[0m windows-strings v0.5.1
[1m[92m  Downloaded[0m windows-threading v0.2.1
[1m[92m  Downloaded[0m wasm-bindgen-macro-support v0.2.126
[1m[92m  Downloaded[0m windows-result v0.4.1
[1m[92m  Downloaded[0m pin-project-internal v1.1.13
[1m[92m  Downloaded[0m polycool v0.4.0
[1m[92m  Downloaded[0m zerotrie v0.2.4
[1m[92m  Downloaded[0m num-bigint v0.4.8
[1m[92m  Downloaded[0m windows-sys v0.61.2
[1m[92m  Downloaded[0m icu_decimal v2.2.0
[1m[92m  Downloaded[0m pin-weak v1.1.0
[1m[92m  Downloaded[0m image-webp v0.2.4
[1m[92m  Downloaded[0m muda v0.19.3
[1m[92m  Downloaded[0m icu_collections v2.2.0
[1m[92m  Downloaded[0m pulp v0.22.3
[1m[92m  Downloaded[0m qoi v0.4.1
[1m[92m  Downloaded[0m icu_properties v2.2.0
[1m[92m  Downloaded[0m itertools v0.14.0
[1m[92m  Downloaded[0m windows-core v0.62.2
[1m[92m  Downloaded[0m indexmap v2.14.0
[1m[92m  Downloaded[0m i-slint-common v1.17.1
[1m[92m  Downloaded[0m itertools v0.13.0
[1m[92m  Downloaded[0m icu_properties_data v2.2.0
[1m[92m  Downloaded[0m pulldown-cmark v0.13.4
[1m[92m  Downloaded[0m idna v1.1.0
[1m[92m  Downloaded[0m png v0.18.1
[1m[92m  Downloaded[0m winnow v1.0.4
[1m[92m  Downloaded[0m portable-atomic v1.14.0
[1m[92m  Downloaded[0m zerocopy v0.8.55
[1m[92m  Downloaded[0m i-slint-core v1.17.1
[1m[92m  Downloaded[0m windows_x86_64_msvc v0.52.6
[1m[92m  Downloaded[0m icu_segmenter v2.2.0
[1m[92m  Downloaded[0m windows-sys v0.52.0
[1m[92m  Downloaded[0m icu_segmenter_data v2.2.0
[1m[92m  Downloaded[0m windows v0.62.2
[1m[92m  Downloaded[0m av1-grain v0.2.5
[1m[92m  Downloaded[0m zmij v1.0.23
[1m[92m   Compiling[0m proc-macro2 v1.0.107
[1m[92m   Compiling[0m unicode-ident v1.0.24
[1m[92m   Compiling[0m quote v1.0.47
[1m[92m   Compiling[0m libm v0.2.16
[1m[92m   Compiling[0m autocfg v1.5.1
[1m[92m   Compiling[0m version_check v0.9.5
[1m[92m   Compiling[0m stable_deref_trait v1.2.1
[1m[92m   Compiling[0m crc32fast v1.5.0
[1m[92m   Compiling[0m memchr v2.8.3
[1m[92m   Compiling[0m num-traits v0.2.19
[1m[92m   Compiling[0m arrayvec v0.7.8
[1m[92m   Compiling[0m smallvec v1.15.2
[1m[92m   Compiling[0m syn v2.0.119
[1m[92m   Compiling[0m syn v3.0.3
[1m[92m   Compiling[0m icu_properties_data v2.2.0
[1m[92m   Compiling[0m cfg-if v1.0.4
[1m[92m   Compiling[0m serde_core v1.0.229
[1m[92m   Compiling[0m icu_normalizer_data v2.2.0
[1m[92m   Compiling[0m icu_locale_data v2.2.0
[1m[92m   Compiling[0m writeable v0.6.3
[1m[92m   Compiling[0m log v0.4.33
[1m[92m   Compiling[0m simd-adler32 v0.3.10
[1m[92m    Checking[0m windows-link v0.2.1
[1m[92m   Compiling[0m bitflags v2.13.1
[1m[92m   Compiling[0m thiserror v2.0.19
[1m[92m   Compiling[0m adler2 v2.0.1
[1m[92m   Compiling[0m litemap v0.8.2
[1m[92m   Compiling[0m synstructure v0.13.2
[1m[92m   Compiling[0m icu_decimal_data v2.2.0
[1m[92m   Compiling[0m miniz_oxide v0.8.9
[1m[92m    Checking[0m utf8_iter v1.0.4
[1m[92m   Compiling[0m crossbeam-utils v0.8.22
[1m[92m   Compiling[0m displaydoc v0.2.7
[1m[92m   Compiling[0m thiserror-impl v2.0.19
[1m[92m   Compiling[0m unicode-segmentation v1.13.3
[1m[92m   Compiling[0m convert_case v0.10.0
[1m[92m   Compiling[0m unicode-xid v0.2.6
[1m[92m   Compiling[0m foldhash v0.2.0
[1m[92m   Compiling[0m crossbeam-epoch v0.9.20
[1m[92m   Compiling[0m pulldown-cmark v0.13.4
[1m[92m   Compiling[0m bytemuck_derive v1.11.0
[1m[92m   Compiling[0m zerofrom-derive v0.1.7
[1m[92m   Compiling[0m yoke-derive v0.8.2
[1m[92m   Compiling[0m zerovec-derive v0.11.3
[1m[92m   Compiling[0m windows-interface v0.59.3
[1m[92m   Compiling[0m bytemuck v1.25.2
[1m[92m   Compiling[0m windows-implement v0.60.2
[1m[92m   Compiling[0m zerofrom v0.1.8
[1m[92m   Compiling[0m yoke v0.8.3
[1m[92m    Checking[0m zerovec v0.11.6
[1m[92m    Checking[0m zerotrie v0.2.4
[1m[92m   Compiling[0m derive_more-impl v2.1.1
[1m[92m   Compiling[0m hashbrown v0.17.1
[1m[92m    Checking[0m tinystr v0.8.3
[1m[92m    Checking[0m icu_locale_core v2.2.0
[1m[92m   Compiling[0m potential_utf v0.1.5
[1m[92m    Checking[0m icu_collections v2.2.0
[1m[92m    Checking[0m icu_provider v2.2.0
[1m[92m   Compiling[0m flate2 v1.1.9
[1m[92m   Compiling[0m windows-strings v0.5.1
[1m[92m   Compiling[0m windows-result v0.4.1
[1m[92m   Compiling[0m heck v0.5.0
[1m[92m   Compiling[0m crossbeam-deque v0.8.7
[1m[92m   Compiling[0m windows-core v0.62.2
[1m[92m   Compiling[0m core_maths v0.1.1
[1m[92m   Compiling[0m slotmap v1.1.1
[1m[92m   Compiling[0m rayon-core v1.13.0
[1m[92m   Compiling[0m quick-error v2.0.1
[1m[92m   Compiling[0m float-cmp v0.9.0
[1m[92m   Compiling[0m strict-num v0.1.1
[1m[92m   Compiling[0m ttf-parser v0.25.1
[1m[92m   Compiling[0m equator-macro v0.4.2
[1m[92m   Compiling[0m fdeflate v0.3.7
[1m[92m   Compiling[0m polycool v0.4.0
[1m[92m   Compiling[0m weezl v0.1.12
[1m[92m   Compiling[0m unicode-width v0.2.2
[1m[92m   Compiling[0m arrayref v0.3.9
[1m[92m   Compiling[0m tinyvec_macros v0.1.1
[1m[92m   Compiling[0m zune-core v0.5.1
[1m[92m   Compiling[0m tinyvec v1.12.0
[1m[92m   Compiling[0m zune-jpeg v0.5.15
[1m[92m   Compiling[0m tiny-skia-path v0.12.0
[1m[92m   Compiling[0m kurbo v0.13.1
[1m[92m   Compiling[0m png v0.18.1
[1m[92m   Compiling[0m equator v0.4.2
[1m[92m   Compiling[0m rgb v0.8.53
[1m[92m   Compiling[0m font-types v0.11.3
[1m[92m   Compiling[0m windows-threading v0.2.1
[1m[92m   Compiling[0m num-integer v0.1.46
[1m[92m   Compiling[0m unicode-bidi-mirroring v0.4.0
[1m[92m   Compiling[0m unicode-ccc v0.4.0
[1m[92m   Compiling[0m siphasher v1.0.3
[1m[92m   Compiling[0m paste v1.0.15
[1m[92m   Compiling[0m byteorder-lite v0.1.0
[1m[92m   Compiling[0m unicode-properties v0.1.4
[1m[92m   Compiling[0m either v1.17.0
[1m[92m   Compiling[0m portable-atomic v1.14.0
[1m[92m   Compiling[0m unicode-script v0.5.8
[1m[92m   Compiling[0m anyhow v1.0.104
[1m[92m   Compiling[0m color_quant v1.1.0
[1m[92m   Compiling[0m rustybuzz v0.20.1
[1m[92m   Compiling[0m gif v0.14.2
[1m[92m   Compiling[0m image-webp v0.2.4
[1m[92m   Compiling[0m svgtypes v0.16.1
[1m[92m   Compiling[0m num-bigint v0.4.8
[1m[92m   Compiling[0m read-fonts v0.39.2
[1m[92m   Compiling[0m windows-future v0.3.2
[1m[92m   Compiling[0m fontdb v0.23.0
[1m[92m   Compiling[0m aligned-vec v0.6.4
[1m[92m   Compiling[0m windows-numerics v0.3.1
[1m[92m   Compiling[0m windows-collections v0.3.2
[1m[92m   Compiling[0m strum_macros v0.28.0
[1m[92m   Compiling[0m simplecss v0.2.2
[1m[92m   Compiling[0m roxmltree v0.21.1
[1m[92m   Compiling[0m base64 v0.22.1
[1m[92m   Compiling[0m unicode-bidi v0.3.18
[1m[92m   Compiling[0m unicode-vo v0.1.0
[1m[92m    Checking[0m critical-section v1.2.0
[1m[92m   Compiling[0m pico-args v0.5.0
[1m[92m   Compiling[0m imagesize v0.14.0
[1m[92m   Compiling[0m data-url v0.3.2
[1m[92m   Compiling[0m xmlwriter v0.1.0
[1m[92m   Compiling[0m zerocopy v0.8.55
[1m[92m   Compiling[0m usvg v0.47.0
[1m[92m    Checking[0m icu_properties v2.2.0
[1m[92m   Compiling[0m icu_locale v2.2.0
[1m[92m   Compiling[0m windows v0.62.2
[1m[92m   Compiling[0m v_frame v0.3.9
[1m[92m   Compiling[0m num-rational v0.4.2
[1m[92m   Compiling[0m rayon v1.12.0
[1m[92m   Compiling[0m tiny-skia v0.12.0
[1m[92m   Compiling[0m getopts v0.2.24
[1m[92m   Compiling[0m zerocopy-derive v0.8.55
[1m[92m   Compiling[0m fixed_decimal v0.7.2
[1m[92m   Compiling[0m as-slice v0.2.1
[1m[92m   Compiling[0m unicase v2.9.0
[1m[92m   Compiling[0m av-scenechange v0.14.1
[1m[92m   Compiling[0m pulldown-cmark-escape v0.11.0
[1m[92m   Compiling[0m zmij v1.0.23
[1m[92m   Compiling[0m semver v1.0.28
[1m[92m   Compiling[0m libc v0.2.189
[1m[92m   Compiling[0m winnow v1.0.4
[1m[92m   Compiling[0m linebender_resource_handle v0.1.1
[1m[92m   Compiling[0m equivalent v1.0.2
[1m[92m   Compiling[0m parlance v0.1.0
[1m[92m   Compiling[0m memmap2 v0.9.11
[1m[92m   Compiling[0m built v0.8.1
[1m[92m   Compiling[0m fontique v0.10.0
[1m[92m   Compiling[0m rav1e v0.8.1
[1m[92m   Compiling[0m toml_parser v1.1.3+spec-1.1.0
[1m[92m   Compiling[0m indexmap v2.14.0
[1m[92m   Compiling[0m rustc_version v0.4.1
[1m[92m   Compiling[0m aligned v0.4.3
[1m[92m    Checking[0m icu_normalizer v2.2.0
[1m[92m   Compiling[0m icu_decimal v2.2.0
[1m[92m   Compiling[0m resvg v0.47.0
[1m[92m   Compiling[0m skrifa v0.42.1
[1m[92m   Compiling[0m derive_more v2.1.1
[1m[92m   Compiling[0m profiling-procmacros v1.0.18
[1m[92m   Compiling[0m arg_enum_proc_macro v0.3.4
[1m[92m   Compiling[0m no_std_io2 v0.9.4
[1m[92m   Compiling[0m nom v8.0.0
[1m[92m   Compiling[0m pulp v0.22.3
[1m[92m   Compiling[0m memoffset v0.9.1
[1m[92m   Compiling[0m pastey v0.1.1
[1m[92m   Compiling[0m htmlparser v0.2.1
[1m[92m   Compiling[0m toml_datetime v1.1.1+spec-1.1.0
[1m[92m   Compiling[0m cfg_aliases v0.2.2
[1m[92m   Compiling[0m toml_writer v1.1.2+spec-1.1.0
[1m[92m   Compiling[0m y4m v0.8.0
[1m[92m   Compiling[0m toml_edit v0.25.13+spec-1.1.0
[1m[92m   Compiling[0m i-slint-common v1.17.1
[1m[92m   Compiling[0m av1-grain v0.2.5
[1m[92m   Compiling[0m bitstream-io v4.10.0
[1m[92m   Compiling[0m profiling v1.0.18
[1m[92m   Compiling[0m half v2.7.1
[1m[92m   Compiling[0m field-offset v0.3.6
[1m[92m   Compiling[0m maybe-rayon v0.1.1
[1m[92m    Checking[0m once_cell v1.21.4
[1m[92m   Compiling[0m itertools v0.14.0
[1m[92m    Checking[0m euclid v0.22.14
[1m[92m   Compiling[0m font-types v0.12.2
[1m[92m   Compiling[0m num-complex v0.4.6
[1m[92m   Compiling[0m num-derive v0.4.2
[1m[92m   Compiling[0m raw-cpuid v11.6.0
[1m[92m   Compiling[0m simd_helpers v0.1.0
[1m[92m   Compiling[0m rustversion v1.0.23
[1m[92m   Compiling[0m imgref v1.12.2
[1m[92m   Compiling[0m reborrow v0.5.5
[1m[92m   Compiling[0m icu_segmenter_data v2.2.0
[1m[92m   Compiling[0m noop_proc_macro v0.3.0
[1m[92m   Compiling[0m new_debug_unreachable v1.0.6
[1m[92m   Compiling[0m pulp-wasm-simd-flag v0.1.1
[1m[92m   Compiling[0m read-fonts v0.41.0
[1m[92m   Compiling[0m loop9 v0.1.5
[1m[92m   Compiling[0m lyon_geom v1.0.19
[1m[92m   Compiling[0m idna_adapter v1.2.2
[1m[92m   Compiling[0m proc-macro-crate v3.5.0
[1m[92m   Compiling[0m snafu-derive v0.8.9
[1m[92m   Compiling[0m zune-inflate v0.2.54
[1m[92m   Compiling[0m avif-serialize v0.8.9
[1m[92m   Compiling[0m windows_x86_64_msvc v0.52.6
[1m[92m   Compiling[0m lebe v0.5.3
[1m[92m   Compiling[0m percent-encoding v2.3.2
[1m[92m   Compiling[0m serde_json v1.0.151
[1m[92m   Compiling[0m fax v0.2.7
[1m[92m   Compiling[0m pxfm v0.1.30
[1m[92m   Compiling[0m bit_field v0.10.3
[1m[92m   Compiling[0m rspolib v0.1.2
[1m[92m   Compiling[0m moxcms v0.8.1
[1m[92m   Compiling[0m exr v1.74.2
[1m[92m   Compiling[0m tiff v0.11.3
[1m[92m   Compiling[0m snafu v0.8.9
[1m[92m   Compiling[0m form_urlencoded v1.2.2
[1m[92m   Compiling[0m skrifa v0.44.0
[1m[92m   Compiling[0m ravif v0.13.0
[1m[92m   Compiling[0m num_enum_derive v0.7.6
[1m[92m   Compiling[0m idna v1.1.0
[1m[92m    Checking[0m lyon_path v1.0.19
[1m[92m   Compiling[0m qoi v0.4.1
[1m[92m   Compiling[0m const-field-offset-macro v0.2.0
[1m[92m   Compiling[0m lazy_static v1.5.0
[1m[92m   Compiling[0m text-size v1.1.1
[1m[92m   Compiling[0m anstyle v1.0.14
[1m[92m   Compiling[0m itoa v1.0.18
[1m[92m   Compiling[0m rustc-hash v1.1.0
[1m[92m   Compiling[0m linked-hash-map v0.5.6
[1m[92m    Checking[0m allocator-api2 v0.2.21
[1m[92m   Compiling[0m natord v1.0.9
[1m[92m   Compiling[0m i-slint-compiler v1.17.1
[1m[92m   Compiling[0m zeno v0.3.3
[1m[92m   Compiling[0m countme v3.0.1
[1m[92m   Compiling[0m hashbrown v0.14.5
[1m[92m   Compiling[0m serde v1.0.229
[1m[92m   Compiling[0m yazi v0.2.1
[1m[92m   Compiling[0m unicode-linebreak v0.1.5
[1m[92m   Compiling[0m rowan v0.16.1
[1m[92m   Compiling[0m swash v0.2.10
[1m[92m    Checking[0m hashbrown v0.16.1
[1m[92m   Compiling[0m linked_hash_set v0.1.6
[1m[92m   Compiling[0m annotate-snippets v0.12.16
[1m[92m    Checking[0m const-field-offset v0.2.0
[1m[92m   Compiling[0m image v0.25.10
[1m[92m   Compiling[0m num_enum v0.7.6
[1m[92m    Checking[0m icu_segmenter v2.2.0
[1m[92m   Compiling[0m lyon_extra v1.1.0
[1m[92m   Compiling[0m url v2.5.8
[1m[92m    Checking[0m harfrust v0.8.4
[1m[92m    Checking[0m parley_data v0.10.0
[1m[92m   Compiling[0m strum v0.28.0
[1m[92m   Compiling[0m pin-project-internal v1.1.13
[1m[92m   Compiling[0m vtable-macro v0.4.0
[1m[92m   Compiling[0m serde_derive v1.0.229
[1m[92m   Compiling[0m derive_utils v0.16.0
[1m[92m   Compiling[0m pin-utils v0.1.0
[1m[92m    Checking[0m tracing-core v0.1.36
[1m[92m   Compiling[0m typed-index-collections v3.5.0
[1m[92m    Checking[0m pin-project-lite v0.2.17
[1m[92m   Compiling[0m smol_str v0.3.6
[1m[92m   Compiling[0m by_address v1.2.1
[1m[92m    Checking[0m tracing v0.1.44
[1m[92m    Checking[0m parley v0.10.0
[1m[92m   Compiling[0m spin_on v0.1.1
[1m[92m   Compiling[0m auto_enums v0.8.10
[1m[92m    Checking[0m pin-project v1.1.13
[1m[92m    Checking[0m vtable v0.4.0
[1m[92m    Checking[0m windows-targets v0.52.6
[1m[92m   Compiling[0m i-slint-core-macros v1.17.1
[1m[92m    Checking[0m clru v0.6.3
[1m[92m    Checking[0m lyon_algorithms v1.0.20
[1m[92m   Compiling[0m winit v0.30.13
[1m[92m    Checking[0m taffy v0.10.1
[1m[92m    Checking[0m chrono v0.4.45
[1m[92m    Checking[0m windows-sys v0.61.2
[1m[92m    Checking[0m sys-locale v0.3.2
[1m[92m    Checking[0m pin-weak v1.1.0
[1m[92m    Checking[0m slab v0.4.12
[1m[92m    Checking[0m dpi v0.1.2
[1m[92m    Checking[0m scopeguard v1.2.0
[1m[92m    Checking[0m raw-window-handle v0.6.2
[1m[92m    Checking[0m error-code v3.3.2
[1m[92m    Checking[0m i-slint-core v1.17.1
[1m[92m    Checking[0m clipboard-win v5.4.1
[1m[92m    Checking[0m crossbeam-channel v0.5.16
[1m[92m    Checking[0m windows-sys v0.52.0
[1m[92m    Checking[0m keyboard-types v0.7.0
[1m[92m   Compiling[0m i-slint-backend-winit v1.17.1
[1m[92m    Checking[0m integer-sqrt v0.1.5
[1m[92m    Checking[0m smol_str v0.2.2
[1m[92m    Checking[0m cursor-icon v1.2.0
[1m[92m    Checking[0m i-slint-renderer-software v1.17.1
[1m[92m    Checking[0m muda v0.19.3
[1m[92m    Checking[0m webbrowser v1.2.2
[1m[92m    Checking[0m softbuffer v0.4.8
[1m[92m    Checking[0m copypasta v0.10.2
[1m[92m   Compiling[0m i-slint-backend-selector v1.17.1
[1m[92m    Checking[0m scoped-tls-hkt v0.1.5
[1m[92m   Compiling[0m slint-build v1.17.1
[1m[92m   Compiling[0m ntfy-windows-client v0.2.0 (D:\a\ntfy-windows-client\ntfy-windows-client\repository)
[1m[92m   Compiling[0m slint-macros v1.17.1
[1m[92m    Checking[0m slint v1.17.1
[1m[92m    Finished[0m `dev` profile [unoptimized + debuginfo] target(s) in 3m 17s
[1m[92m   Compiling[0m libm v0.2.16
[1m[92m   Compiling[0m stable_deref_trait v1.2.1
[1m[92m   Compiling[0m smallvec v1.15.2
[1m[92m   Compiling[0m zerofrom v0.1.8
[1m[92m   Compiling[0m cfg-if v1.0.4
[1m[92m   Compiling[0m yoke v0.8.3
[1m[92m   Compiling[0m writeable v0.6.3
[1m[92m   Compiling[0m memchr v2.8.3
[1m[92m   Compiling[0m zerovec v0.11.6
[1m[92m   Compiling[0m log v0.4.33
[1m[92m   Compiling[0m windows-link v0.2.1
[1m[92m   Compiling[0m simd-adler32 v0.3.10
[1m[92m   Compiling[0m adler2 v2.0.1
[1m[92m   Compiling[0m litemap v0.8.2
[1m[92m   Compiling[0m miniz_oxide v0.8.9
[1m[92m   Compiling[0m zerotrie v0.2.4
[1m[92m   Compiling[0m tinystr v0.8.3
[1m[92m   Compiling[0m icu_locale_core v2.2.0
[1m[92m   Compiling[0m potential_utf v0.1.5
[1m[92m   Compiling[0m utf8_iter v1.0.4
[1m[92m   Compiling[0m crc32fast v1.5.0
[1m[92m   Compiling[0m icu_collections v2.2.0
[1m[92m   Compiling[0m flate2 v1.1.9
[1m[92m   Compiling[0m foldhash v0.2.0
[1m[92m   Compiling[0m num-traits v0.2.19
[1m[92m   Compiling[0m core_maths v0.1.1
[1m[92m   Compiling[0m windows-strings v0.5.1
[1m[92m   Compiling[0m windows-result v0.4.1
[1m[92m   Compiling[0m icu_provider v2.2.0
[1m[92m   Compiling[0m bytemuck v1.25.2
[1m[92m   Compiling[0m float-cmp v0.9.0
[1m[92m   Compiling[0m windows-core v0.62.2
[1m[92m   Compiling[0m strict-num v0.1.1
[1m[92m   Compiling[0m ttf-parser v0.25.1
[1m[92m   Compiling[0m hashbrown v0.17.1
[1m[92m   Compiling[0m fdeflate v0.3.7
[1m[92m   Compiling[0m arrayref v0.3.9
[1m[92m   Compiling[0m serde_core v1.0.229
[1m[92m   Compiling[0m unicode-segmentation v1.13.3
[1m[92m   Compiling[0m tinyvec_macros v0.1.1
[1m[92m   Compiling[0m tinyvec v1.12.0
[1m[92m   Compiling[0m windows-threading v0.2.1
[1m[92m   Compiling[0m unicode-script v0.5.8
[1m[92m   Compiling[0m zune-core v0.5.1
[1m[92m   Compiling[0m quick-error v2.0.1
[1m[92m   Compiling[0m unicode-properties v0.1.4
[1m[92m   Compiling[0m siphasher v1.0.3
[1m[92m   Compiling[0m unicode-ccc v0.4.0
[1m[92m   Compiling[0m unicode-bidi-mirroring v0.4.0
[1m[92m   Compiling[0m zune-jpeg v0.5.15
[1m[92m   Compiling[0m windows-future v0.3.2
[1m[92m   Compiling[0m windows-numerics v0.3.1
[1m[92m   Compiling[0m windows-collections v0.3.2
[1m[92m   Compiling[0m byteorder-lite v0.1.0
[1m[92m   Compiling[0m unicode-width v0.2.2
[1m[92m   Compiling[0m weezl v0.1.12
[1m[92m   Compiling[0m bitflags v2.13.1
[1m[92m   Compiling[0m icu_locale_data v2.2.0
[1m[92m   Compiling[0m icu_properties_data v2.2.0
[1m[92m   Compiling[0m roxmltree v0.21.1
[1m[92m   Compiling[0m simplecss v0.2.2
[1m[92m   Compiling[0m color_quant v1.1.0
[1m[92m   Compiling[0m unicode-vo v0.1.0
[1m[92m   Compiling[0m base64 v0.22.1
[1m[92m   Compiling[0m pico-args v0.5.0
[1m[92m   Compiling[0m imagesize v0.14.0
[1m[92m   Compiling[0m xmlwriter v0.1.0
[1m[92m   Compiling[0m data-url v0.3.2
[1m[92m   Compiling[0m unicode-bidi v0.3.18
[1m[92m   Compiling[0m gif v0.14.2
[1m[92m   Compiling[0m thiserror v2.0.19
[1m[92m   Compiling[0m icu_properties v2.2.0
[1m[92m   Compiling[0m icu_locale v2.2.0
[1m[92m   Compiling[0m icu_normalizer_data v2.2.0
[1m[92m   Compiling[0m image-webp v0.2.4
[1m[92m   Compiling[0m convert_case v0.10.0
[1m[92m   Compiling[0m arrayvec v0.7.8
[1m[92m   Compiling[0m parlance v0.1.0
[1m[92m   Compiling[0m memmap2 v0.9.11
[1m[92m   Compiling[0m equivalent v1.0.2
[1m[92m   Compiling[0m linebender_resource_handle v0.1.1
[1m[92m   Compiling[0m derive_more-impl v2.1.1
[1m[92m   Compiling[0m icu_normalizer v2.2.0
[1m[92m   Compiling[0m getopts v0.2.24
[1m[92m   Compiling[0m pulldown-cmark-escape v0.11.0
[1m[92m   Compiling[0m unicase v2.9.0
[1m[92m   Compiling[0m icu_decimal_data v2.2.0
[1m[92m   Compiling[0m fixed_decimal v0.7.2
[1m[92m   Compiling[0m polycool v0.4.0
[1m[92m   Compiling[0m icu_decimal v2.2.0
[1m[92m   Compiling[0m pxfm v0.1.30
[1m[92m   Compiling[0m htmlparser v0.2.1
[1m[92m   Compiling[0m kurbo v0.13.1
[1m[92m   Compiling[0m png v0.18.1
[1m[92m   Compiling[0m tiny-skia-path v0.12.0
[1m[92m   Compiling[0m num-integer v0.1.46
[1m[92m   Compiling[0m font-types v0.11.3
[1m[92m   Compiling[0m rgb v0.8.53
[1m[92m   Compiling[0m read-fonts v0.39.2
[1m[92m   Compiling[0m num-bigint v0.4.8
[1m[92m   Compiling[0m svgtypes v0.16.1
[1m[92m   Compiling[0m fontdb v0.23.0
[1m[92m   Compiling[0m idna_adapter v1.2.2
[1m[92m   Compiling[0m rustybuzz v0.20.1
[1m[92m   Compiling[0m percent-encoding v2.3.2
[1m[92m   Compiling[0m zeno v0.3.3
[1m[92m   Compiling[0m yazi v0.2.1
[1m[92m   Compiling[0m critical-section v1.2.0
[1m[92m   Compiling[0m form_urlencoded v1.2.2
[1m[92m   Compiling[0m portable-atomic v1.14.0
[1m[92m   Compiling[0m idna v1.1.0
[1m[92m   Compiling[0m num-rational v0.4.2
[1m[92m   Compiling[0m usvg v0.47.0
[1m[92m   Compiling[0m v_frame v0.3.9
[1m[92m   Compiling[0m tiny-skia v0.12.0
[1m[92m   Compiling[0m windows v0.62.2
[1m[92m   Compiling[0m as-slice v0.2.1
[1m[92m   Compiling[0m unicode-linebreak v0.1.5
[1m[92m   Compiling[0m imgref v1.12.2
[1m[92m   Compiling[0m aligned v0.4.3
[1m[92m   Compiling[0m skrifa v0.42.1
[1m[92m   Compiling[0m fontique v0.10.0
[1m[92m   Compiling[0m resvg v0.47.0
[1m[92m   Compiling[0m strum v0.28.0
[1m[92m   Compiling[0m slotmap v1.1.1
[1m[92m   Compiling[0m derive_more v2.1.1
[1m[92m   Compiling[0m pulldown-cmark v0.13.4
[1m[92m   Compiling[0m indexmap v2.14.0
[1m[92m   Compiling[0m nom v8.0.0
[1m[92m   Compiling[0m no_std_io2 v0.9.4
[1m[92m   Compiling[0m toml_edit v0.25.13+spec-1.1.0
[1m[92m   Compiling[0m av-scenechange v0.14.1
[1m[92m   Compiling[0m bitstream-io v4.10.0
[1m[92m   Compiling[0m i-slint-common v1.17.1
[1m[92m   Compiling[0m half v2.7.1
[1m[92m   Compiling[0m maybe-rayon v0.1.1
[1m[92m   Compiling[0m once_cell v1.21.4
[1m[92m   Compiling[0m av1-grain v0.2.5
[1m[92m   Compiling[0m euclid v0.22.14
[1m[92m   Compiling[0m num-complex v0.4.6
[1m[92m   Compiling[0m font-types v0.12.2
[1m[92m   Compiling[0m rav1e v0.8.1
[1m[92m   Compiling[0m read-fonts v0.41.0
[1m[92m   Compiling[0m pulp v0.22.3
[1m[92m   Compiling[0m lyon_geom v1.0.19
[1m[92m   Compiling[0m memoffset v0.9.1
[1m[92m   Compiling[0m proc-macro-crate v3.5.0
[1m[92m   Compiling[0m zmij v1.0.23
[1m[92m   Compiling[0m loop9 v0.1.5
[1m[92m   Compiling[0m zune-inflate v0.2.54
[1m[92m   Compiling[0m itoa v1.0.18
[1m[92m   Compiling[0m exr v1.74.2
[1m[92m   Compiling[0m skrifa v0.44.0
[1m[92m   Compiling[0m tiff v0.11.3
[1m[92m   Compiling[0m ravif v0.13.0
[1m[92m   Compiling[0m num_enum_derive v0.7.6
[1m[92m   Compiling[0m field-offset v0.3.6
[1m[92m   Compiling[0m lyon_path v1.0.19
[1m[92m   Compiling[0m icu_segmenter_data v2.2.0
[1m[92m   Compiling[0m moxcms v0.8.1
[1m[92m   Compiling[0m allocator-api2 v0.2.21
[1m[92m   Compiling[0m annotate-snippets v0.12.16
[1m[92m   Compiling[0m image v0.25.10
[1m[92m   Compiling[0m rspolib v0.1.2
[1m[92m   Compiling[0m hashbrown v0.16.1
[1m[92m   Compiling[0m const-field-offset v0.2.0
[1m[92m   Compiling[0m icu_segmenter v2.2.0
[1m[92m   Compiling[0m serde_json v1.0.151
[1m[92m   Compiling[0m num_enum v0.7.6
[1m[92m   Compiling[0m lyon_extra v1.1.0
[1m[92m   Compiling[0m windows_x86_64_msvc v0.52.6
[1m[92m   Compiling[0m swash v0.2.10
[1m[92m   Compiling[0m harfrust v0.8.4
[1m[92m   Compiling[0m url v2.5.8
[1m[92m   Compiling[0m parley_data v0.10.0
[1m[92m   Compiling[0m tracing-core v0.1.36
[1m[92m   Compiling[0m pin-project-lite v0.2.17
[1m[92m   Compiling[0m i-slint-compiler v1.17.1
[1m[92m   Compiling[0m tracing v0.1.44
[1m[92m   Compiling[0m vtable v0.4.0
[1m[92m   Compiling[0m pin-project v1.1.13
[1m[92m   Compiling[0m serde v1.0.229
[1m[92m   Compiling[0m parley v0.10.0
[1m[92m   Compiling[0m windows-targets v0.52.6
[1m[92m   Compiling[0m i-slint-core-macros v1.17.1
[1m[92m   Compiling[0m clru v0.6.3
[1m[92m   Compiling[0m crossbeam-utils v0.8.22
[1m[92m   Compiling[0m lyon_algorithms v1.0.20
[1m[92m   Compiling[0m taffy v0.10.1
[1m[92m   Compiling[0m chrono v0.4.45
[1m[92m   Compiling[0m windows-sys v0.61.2
[1m[92m   Compiling[0m sys-locale v0.3.2
[1m[92m   Compiling[0m dpi v0.1.2
[1m[92m   Compiling[0m slab v0.4.12
[1m[92m   Compiling[0m error-code v3.3.2
[1m[92m   Compiling[0m scopeguard v1.2.0
[1m[92m   Compiling[0m raw-window-handle v0.6.2
[1m[92m   Compiling[0m pin-weak v1.1.0
[1m[92m   Compiling[0m i-slint-core v1.17.1
[1m[92m   Compiling[0m clipboard-win v5.4.1
[1m[92m   Compiling[0m crossbeam-channel v0.5.16
[1m[92m   Compiling[0m windows-sys v0.52.0
[1m[92m   Compiling[0m keyboard-types v0.7.0
[1m[92m   Compiling[0m integer-sqrt v0.1.5
[1m[92m   Compiling[0m smol_str v0.2.2
[1m[92m   Compiling[0m cursor-icon v1.2.0
[1m[92m   Compiling[0m winit v0.30.13
[1m[92m   Compiling[0m i-slint-renderer-software v1.17.1
[1m[92m   Compiling[0m webbrowser v1.2.2
[1m[92m   Compiling[0m muda v0.19.3
[1m[92m   Compiling[0m softbuffer v0.4.8
[1m[92m   Compiling[0m copypasta v0.10.2
[1m[92m   Compiling[0m i-slint-backend-selector v1.17.1
[1m[92m   Compiling[0m scoped-tls-hkt v0.1.5
[1m[92m   Compiling[0m i-slint-backend-winit v1.17.1
[1m[92m   Compiling[0m slint-build v1.17.1
[1m[92m   Compiling[0m ntfy-windows-client v0.2.0 (D:\a\ntfy-windows-client\ntfy-windows-client\repository)
[1m[92m   Compiling[0m slint-macros v1.17.1
[1m[92m   Compiling[0m slint v1.17.1
[1m[92m    Finished[0m `test` profile [unoptimized + debuginfo] target(s) in 2m 29s
[1m[92m     Running[0m unittests src\main.rs (target\debug\deps\ntfy_windows_client-869ceeffc55e605b.exe)
[1m[92m   Compiling[0m proc-macro2 v1.0.107
[1m[92m   Compiling[0m unicode-ident v1.0.24
[1m[92m   Compiling[0m quote v1.0.47
[1m[92m   Compiling[0m libm v0.2.16
[1m[92m   Compiling[0m autocfg v1.5.1
[1m[92m   Compiling[0m version_check v0.9.5
[1m[92m   Compiling[0m crc32fast v1.5.0
[1m[92m   Compiling[0m stable_deref_trait v1.2.1
[1m[92m   Compiling[0m memchr v2.8.3
[1m[92m   Compiling[0m num-traits v0.2.19
[1m[92m   Compiling[0m syn v2.0.119
[1m[92m   Compiling[0m syn v3.0.3
[1m[92m   Compiling[0m icu_properties_data v2.2.0
[1m[92m   Compiling[0m arrayvec v0.7.8
[1m[92m   Compiling[0m cfg-if v1.0.4
[1m[92m   Compiling[0m icu_normalizer_data v2.2.0
[1m[92m   Compiling[0m smallvec v1.15.2
[1m[92m   Compiling[0m icu_locale_data v2.2.0
[1m[92m   Compiling[0m serde_core v1.0.229
[1m[92m   Compiling[0m writeable v0.6.3
[1m[92m   Compiling[0m simd-adler32 v0.3.10
[1m[92m   Compiling[0m log v0.4.33
[1m[92m   Compiling[0m thiserror v2.0.19
[1m[92m   Compiling[0m synstructure v0.13.2
[1m[92m   Compiling[0m icu_decimal_data v2.2.0
[1m[92m   Compiling[0m bitflags v2.13.1
[1m[92m   Compiling[0m displaydoc v0.2.7
[1m[92m   Compiling[0m windows-link v0.2.1
[1m[92m   Compiling[0m thiserror-impl v2.0.19
[1m[92m   Compiling[0m litemap v0.8.2
[1m[92m   Compiling[0m adler2 v2.0.1
[1m[92m   Compiling[0m miniz_oxide v0.8.9
[1m[92m   Compiling[0m utf8_iter v1.0.4
[1m[92m   Compiling[0m crossbeam-utils v0.8.22
[1m[92m   Compiling[0m unicode-segmentation v1.13.3
[1m[92m   Compiling[0m bytemuck_derive v1.11.0
[1m[92m   Compiling[0m zerofrom-derive v0.1.7
[1m[92m   Compiling[0m yoke-derive v0.8.2
[1m[92m   Compiling[0m zerovec-derive v0.11.3
[1m[92m   Compiling[0m bytemuck v1.25.2
[1m[92m   Compiling[0m windows-interface v0.59.3
[1m[92m   Compiling[0m windows-implement v0.60.2
[1m[92m   Compiling[0m zerofrom v0.1.8
[1m[92m   Compiling[0m yoke v0.8.3
[1m[92m   Compiling[0m zerovec v0.11.6
[1m[92m   Compiling[0m zerotrie v0.2.4
[1m[92m   Compiling[0m pulldown-cmark v0.13.4
[1m[92m   Compiling[0m convert_case v0.10.0
[1m[92m   Compiling[0m tinystr v0.8.3
[1m[92m   Compiling[0m icu_locale_core v2.2.0
[1m[92m   Compiling[0m potential_utf v0.1.5
[1m[92m   Compiling[0m icu_collections v2.2.0
[1m[92m   Compiling[0m foldhash v0.2.0
[1m[92m   Compiling[0m icu_provider v2.2.0
[1m[92m   Compiling[0m unicode-xid v0.2.6
[1m[92m   Compiling[0m crossbeam-epoch v0.9.20
[1m[92m   Compiling[0m derive_more-impl v2.1.1
[1m[92m   Compiling[0m hashbrown v0.17.1
[1m[92m   Compiling[0m flate2 v1.1.9
[1m[92m   Compiling[0m windows-result v0.4.1
[1m[92m   Compiling[0m windows-strings v0.5.1
[1m[92m   Compiling[0m crossbeam-deque v0.8.7
[1m[92m   Compiling[0m heck v0.5.0
[1m[92m   Compiling[0m windows-core v0.62.2
[1m[92m   Compiling[0m core_maths v0.1.1
[1m[92m   Compiling[0m slotmap v1.1.1
[1m[92m   Compiling[0m quick-error v2.0.1
[1m[92m   Compiling[0m rayon-core v1.13.0
[1m[92m   Compiling[0m float-cmp v0.9.0
[1m[92m   Compiling[0m strict-num v0.1.1
[1m[92m   Compiling[0m ttf-parser v0.25.1
[1m[92m   Compiling[0m equator-macro v0.4.2
[1m[92m   Compiling[0m fdeflate v0.3.7
[1m[92m   Compiling[0m polycool v0.4.0
[1m[92m   Compiling[0m unicode-width v0.2.2
[1m[92m   Compiling[0m weezl v0.1.12
[1m[92m   Compiling[0m zune-core v0.5.1
[1m[92m   Compiling[0m arrayref v0.3.9
[1m[92m   Compiling[0m tinyvec_macros v0.1.1
[1m[92m   Compiling[0m tinyvec v1.12.0
[1m[92m   Compiling[0m tiny-skia-path v0.12.0
[1m[92m   Compiling[0m zune-jpeg v0.5.15
[1m[92m   Compiling[0m equator v0.4.2
[1m[92m   Compiling[0m kurbo v0.13.1
[1m[92m   Compiling[0m png v0.18.1
[1m[92m   Compiling[0m font-types v0.11.3
[1m[92m   Compiling[0m rgb v0.8.53
[1m[92m   Compiling[0m windows-threading v0.2.1
[1m[92m   Compiling[0m num-integer v0.1.46
[1m[92m   Compiling[0m unicode-script v0.5.8
[1m[92m   Compiling[0m unicode-bidi-mirroring v0.4.0
[1m[92m   Compiling[0m either v1.17.0
[1m[92m   Compiling[0m unicode-properties v0.1.4
[1m[92m   Compiling[0m portable-atomic v1.14.0
[1m[92m   Compiling[0m siphasher v1.0.3
[1m[92m   Compiling[0m paste v1.0.15
[1m[92m   Compiling[0m byteorder-lite v0.1.0
[1m[92m   Compiling[0m color_quant v1.1.0
[1m[92m   Compiling[0m unicode-ccc v0.4.0
[1m[92m   Compiling[0m anyhow v1.0.104
[1m[92m   Compiling[0m rustybuzz v0.20.1
[1m[92m   Compiling[0m image-webp v0.2.4
[1m[92m   Compiling[0m gif v0.14.2
[1m[92m   Compiling[0m svgtypes v0.16.1
[1m[92m   Compiling[0m num-bigint v0.4.8
[1m[92m   Compiling[0m windows-future v0.3.2
[1m[92m   Compiling[0m read-fonts v0.39.2
[1m[92m   Compiling[0m fontdb v0.23.0
[1m[92m   Compiling[0m aligned-vec v0.6.4
[1m[92m   Compiling[0m windows-numerics v0.3.1
[1m[92m   Compiling[0m windows-collections v0.3.2
[1m[92m   Compiling[0m strum_macros v0.28.0
[1m[92m   Compiling[0m simplecss v0.2.2
[1m[92m   Compiling[0m roxmltree v0.21.1
[1m[92m   Compiling[0m base64 v0.22.1
[1m[92m   Compiling[0m unicode-vo v0.1.0
[1m[92m   Compiling[0m pico-args v0.5.0
[1m[92m   Compiling[0m data-url v0.3.2
[1m[92m   Compiling[0m xmlwriter v0.1.0
[1m[92m   Compiling[0m zerocopy v0.8.55
[1m[92m   Compiling[0m zmij v1.0.23
[1m[92m   Compiling[0m critical-section v1.2.0
[1m[92m   Compiling[0m imagesize v0.14.0
[1m[92m   Compiling[0m unicode-bidi v0.3.18
[1m[92m   Compiling[0m usvg v0.47.0
[1m[92m   Compiling[0m windows v0.62.2
[1m[92m   Compiling[0m v_frame v0.3.9
[1m[92m   Compiling[0m num-rational v0.4.2
[1m[92m   Compiling[0m icu_locale v2.2.0
[1m[92m   Compiling[0m icu_properties v2.2.0
[1m[92m   Compiling[0m rayon v1.12.0
[1m[92m   Compiling[0m tiny-skia v0.12.0
[1m[92m   Compiling[0m getopts v0.2.24
[1m[92m   Compiling[0m zerocopy-derive v0.8.55
[1m[92m   Compiling[0m fixed_decimal v0.7.2
[1m[92m   Compiling[0m as-slice v0.2.1
[1m[92m   Compiling[0m equivalent v1.0.2
[1m[92m   Compiling[0m libc v0.2.189
[1m[92m   Compiling[0m semver v1.0.28
[1m[92m   Compiling[0m av-scenechange v0.14.1
[1m[92m   Compiling[0m winnow v1.0.4
[1m[92m   Compiling[0m parlance v0.1.0
[1m[92m   Compiling[0m built v0.8.1
[1m[92m   Compiling[0m memmap2 v0.9.11
[1m[92m   Compiling[0m linebender_resource_handle v0.1.1
[1m[92m   Compiling[0m pulldown-cmark-escape v0.11.0
[1m[92m   Compiling[0m unicase v2.9.0
[1m[92m   Compiling[0m rav1e v0.8.1
[1m[92m   Compiling[0m fontique v0.10.0
[1m[92m   Compiling[0m toml_parser v1.1.3+spec-1.1.0
[1m[92m   Compiling[0m rustc_version v0.4.1
[1m[92m   Compiling[0m indexmap v2.14.0
[1m[92m   Compiling[0m icu_decimal v2.2.0
[1m[92m   Compiling[0m aligned v0.4.3
[1m[92m   Compiling[0m resvg v0.47.0
[1m[92m   Compiling[0m skrifa v0.42.1
[1m[92m   Compiling[0m icu_normalizer v2.2.0
[1m[92m   Compiling[0m derive_more v2.1.1
[1m[92m   Compiling[0m profiling-procmacros v1.0.18
[1m[92m   Compiling[0m arg_enum_proc_macro v0.3.4
[1m[92m   Compiling[0m no_std_io2 v0.9.4
[1m[92m   Compiling[0m nom v8.0.0
[1m[92m   Compiling[0m pulp v0.22.3
[1m[92m   Compiling[0m memoffset v0.9.1
[1m[92m   Compiling[0m cfg_aliases v0.2.2
[1m[92m   Compiling[0m pastey v0.1.1
[1m[92m   Compiling[0m toml_writer v1.1.2+spec-1.1.0
[1m[92m   Compiling[0m y4m v0.8.0
[1m[92m   Compiling[0m toml_datetime v1.1.1+spec-1.1.0
[1m[92m   Compiling[0m htmlparser v0.2.1
[1m[92m   Compiling[0m i-slint-common v1.17.1
[1m[92m   Compiling[0m toml_edit v0.25.13+spec-1.1.0
[1m[92m   Compiling[0m av1-grain v0.2.5
[1m[92m   Compiling[0m bitstream-io v4.10.0
[1m[92m   Compiling[0m profiling v1.0.18
[1m[92m   Compiling[0m half v2.7.1
[1m[92m   Compiling[0m field-offset v0.3.6
[1m[92m   Compiling[0m maybe-rayon v0.1.1
[1m[92m   Compiling[0m once_cell v1.21.4
[1m[92m   Compiling[0m itertools v0.14.0
[1m[92m   Compiling[0m euclid v0.22.14
[1m[92m   Compiling[0m num-complex v0.4.6
[1m[92m   Compiling[0m font-types v0.12.2
[1m[92m   Compiling[0m num-derive v0.4.2
[1m[92m   Compiling[0m raw-cpuid v11.6.0
[1m[92m   Compiling[0m simd_helpers v0.1.0
[1m[92m   Compiling[0m reborrow v0.5.5
[1m[92m   Compiling[0m icu_segmenter_data v2.2.0
[1m[92m   Compiling[0m noop_proc_macro v0.3.0
[1m[92m   Compiling[0m imgref v1.12.2
[1m[92m   Compiling[0m new_debug_unreachable v1.0.6
[1m[92m   Compiling[0m pulp-wasm-simd-flag v0.1.1
[1m[92m   Compiling[0m rustversion v1.0.23
[1m[92m   Compiling[0m read-fonts v0.41.0
[1m[92m   Compiling[0m loop9 v0.1.5
[1m[92m   Compiling[0m lyon_geom v1.0.19
[1m[92m   Compiling[0m idna_adapter v1.2.2
[1m[92m   Compiling[0m proc-macro-crate v3.5.0
[1m[92m   Compiling[0m snafu-derive v0.8.9
[1m[92m   Compiling[0m zune-inflate v0.2.54
[1m[92m   Compiling[0m avif-serialize v0.8.9
[1m[92m   Compiling[0m rspolib v0.1.2
[1m[92m   Compiling[0m pxfm v0.1.30
[1m[92m   Compiling[0m serde_json v1.0.151
[1m[92m   Compiling[0m fax v0.2.7
[1m[92m   Compiling[0m percent-encoding v2.3.2
[1m[92m   Compiling[0m bit_field v0.10.3
[1m[92m   Compiling[0m windows_x86_64_msvc v0.52.6
[1m[92m   Compiling[0m lebe v0.5.3
[1m[92m   Compiling[0m exr v1.74.2
[1m[92m   Compiling[0m form_urlencoded v1.2.2
[1m[92m   Compiling[0m tiff v0.11.3
[1m[92m   Compiling[0m moxcms v0.8.1
[1m[92m   Compiling[0m snafu v0.8.9
[1m[92m   Compiling[0m ravif v0.13.0
[1m[92m   Compiling[0m num_enum_derive v0.7.6
[1m[92m   Compiling[0m lyon_path v1.0.19
[1m[92m   Compiling[0m skrifa v0.44.0
[1m[92m   Compiling[0m idna v1.1.0
[1m[92m   Compiling[0m qoi v0.4.1
[1m[92m   Compiling[0m const-field-offset-macro v0.2.0
[1m[92m   Compiling[0m allocator-api2 v0.2.21
[1m[92m   Compiling[0m anstyle v1.0.14
[1m[92m   Compiling[0m natord v1.0.9
[1m[92m   Compiling[0m serde v1.0.229
[1m[92m   Compiling[0m unicode-linebreak v0.1.5
[1m[92m   Compiling[0m linked-hash-map v0.5.6
[1m[92m   Compiling[0m lazy_static v1.5.0
[1m[92m   Compiling[0m rustc-hash v1.1.0
[1m[92m   Compiling[0m text-size v1.1.1
[1m[92m   Compiling[0m countme v3.0.1
[1m[92m   Compiling[0m yazi v0.2.1
[1m[92m   Compiling[0m hashbrown v0.14.5
[1m[92m   Compiling[0m zeno v0.3.3
[1m[92m   Compiling[0m i-slint-compiler v1.17.1
[1m[92m   Compiling[0m itoa v1.0.18
[1m[92m   Compiling[0m swash v0.2.10
[1m[92m   Compiling[0m rowan v0.16.1
[1m[92m   Compiling[0m linked_hash_set v0.1.6
[1m[92m   Compiling[0m hashbrown v0.16.1
[1m[92m   Compiling[0m annotate-snippets v0.12.16
[1m[92m   Compiling[0m const-field-offset v0.2.0
[1m[92m   Compiling[0m image v0.25.10
[1m[92m   Compiling[0m num_enum v0.7.6
[1m[92m   Compiling[0m icu_segmenter v2.2.0
[1m[92m   Compiling[0m lyon_extra v1.1.0
[1m[92m   Compiling[0m url v2.5.8
[1m[92m   Compiling[0m harfrust v0.8.4
[1m[92m   Compiling[0m parley_data v0.10.0
[1m[92m   Compiling[0m strum v0.28.0
[1m[92m   Compiling[0m pin-project-internal v1.1.13
[1m[92m   Compiling[0m vtable-macro v0.4.0
[1m[92m   Compiling[0m serde_derive v1.0.229
[1m[92m   Compiling[0m derive_utils v0.16.0
[1m[92m   Compiling[0m pin-project-lite v0.2.17
[1m[92m   Compiling[0m smol_str v0.3.6
[1m[92m   Compiling[0m by_address v1.2.1
[1m[92m   Compiling[0m tracing-core v0.1.36
[1m[92m   Compiling[0m typed-index-collections v3.5.0
[1m[92m   Compiling[0m pin-utils v0.1.0
[1m[92m   Compiling[0m spin_on v0.1.1
[1m[92m   Compiling[0m tracing v0.1.44
[1m[92m   Compiling[0m auto_enums v0.8.10
[1m[92m   Compiling[0m vtable v0.4.0
[1m[92m   Compiling[0m pin-project v1.1.13
[1m[92m   Compiling[0m parley v0.10.0
[1m[92m   Compiling[0m windows-targets v0.52.6
[1m[92m   Compiling[0m clru v0.6.3
[1m[92m   Compiling[0m i-slint-core-macros v1.17.1
[1m[92m   Compiling[0m lyon_algorithms v1.0.20
[1m[92m   Compiling[0m winit v0.30.13
[1m[92m   Compiling[0m taffy v0.10.1
[1m[92m   Compiling[0m chrono v0.4.45
[1m[92m   Compiling[0m windows-sys v0.61.2
[1m[92m   Compiling[0m raw-window-handle v0.6.2
[1m[92m   Compiling[0m dpi v0.1.2
[1m[92m   Compiling[0m error-code v3.3.2
[1m[92m   Compiling[0m slab v0.4.12
[1m[92m   Compiling[0m sys-locale v0.3.2
[1m[92m   Compiling[0m pin-weak v1.1.0
[1m[92m   Compiling[0m scopeguard v1.2.0
[1m[92m   Compiling[0m i-slint-core v1.17.1
[1m[92m   Compiling[0m clipboard-win v5.4.1
[1m[92m   Compiling[0m crossbeam-channel v0.5.16
[1m[92m   Compiling[0m windows-sys v0.52.0
[1m[92m   Compiling[0m keyboard-types v0.7.0
[1m[92m   Compiling[0m i-slint-backend-winit v1.17.1
[1m[92m   Compiling[0m integer-sqrt v0.1.5
[1m[92m   Compiling[0m cursor-icon v1.2.0
[1m[92m   Compiling[0m smol_str v0.2.2
[1m[92m   Compiling[0m i-slint-renderer-software v1.17.1
[1m[92m   Compiling[0m muda v0.19.3
[1m[92m   Compiling[0m webbrowser v1.2.2
[1m[92m   Compiling[0m copypasta v0.10.2
[1m[92m   Compiling[0m softbuffer v0.4.8
[1m[92m   Compiling[0m i-slint-backend-selector v1.17.1
[1m[92m   Compiling[0m scoped-tls-hkt v0.1.5
[1m[92m   Compiling[0m slint-build v1.17.1
[1m[92m   Compiling[0m ntfy-windows-client v0.2.0 (D:\a\ntfy-windows-client\ntfy-windows-client\repository)
[1m[92m   Compiling[0m slint-macros v1.17.1
[1m[92m   Compiling[0m slint v1.17.1
[1m[92m    Finished[0m `release` profile [optimized] target(s) in 6m 09s
