=== STANDARD OUTPUT ===
COMMAND REVISION: 065 after div_ceil compatibility fix
CHECK compact UI release validation: start
CHECK cargo fmt: start
CHECK cargo fmt: passed
CHECK cargo clippy: start
CHECK cargo clippy: passed
CHECK cargo test: start

running 18 tests
test audio::tests::default_output_label_is_stable ... ok
test notification::tests::explicit_and_wrapped_lines_are_counted ... ok
test config::tests::settings_json_round_trip ... ok
test config::tests::old_settings_receive_defaults ... ok
test notification::tests::longer_notifications_remain_visible_longer ... ok
test notification::tests::popup_height_grows_with_wrapped_message_lines ... ok
test notification::tests::popup_size_falls_back_before_window_metrics_are_ready ... ok
test protocol::tests::ignores_keepalive_event ... ok
test protocol::tests::parses_message_event ... ok
test protocol::tests::strips_header_injection ... ok
test protocol::tests::truncates_at_character_boundary ... ok
test tests::retained_history_is_small_and_bounded ... ok
test protocol::tests::validates_topics ... ok
test timefmt::tests::formats_epoch ... ok
test winhttp::tests::parses_https_server ... ok
test timefmt::tests::formats_known_timestamp ... ok
test winhttp::tests::parses_ipv6_authority ... ok
test winhttp::tests::parses_self_hosted_path_and_port ... ok

test result: ok. 18 passed; 0 failed; 0 ignored; 0 measured; 0 filtered out; finished in 0.00s

CHECK cargo test: passed
CHECK release build x86_64-pc-windows-msvc: start
CHECK release build x86_64-pc-windows-msvc: passed
CHECK release executable: passed (D:\a\ntfy-windows-client\ntfy-windows-client\repository\target\x86_64-pc-windows-msvc\release\ntfy-windows-client.exe)
CHECK desktop geometry: desktop=1024x768 work=1024x720
CHECK full-desktop application geometry: start
CHECK annotated desktop: desktop-preferred-window.png
CHECK annotated desktop: desktop-page-connection.png
CHECK annotated desktop: desktop-page-notifications.png
CHECK annotated desktop: desktop-page-publish.png
CHECK annotated desktop: desktop-page-history.png
CHECK full-desktop application geometry: passed
CHECK adaptive popup geometry: start
CHECK annotated desktop: desktop-popup-short.png
CHECK annotated desktop: desktop-popup-long.png
CHECK adaptive popup geometry: passed (short=112, long=248)
CHECK foreground UI smoke: start
CHECK foreground UI smoke: passed
CHECK active background listener below 1 MiB: start
CHECK memory sample: working_set=442368 private=3686400 threads=11
CHECK memory sample: working_set=442368 private=3686400 threads=11
CHECK memory sample: working_set=442368 private=3686400 threads=11
CHECK active background listener below 1 MiB: passed
CHECK release package: start
CHECK packaged file: ntfy-windows-client.exe
CHECK packaged file: README.md
CHECK packaged file: LICENSE
CHECK release package: passed (D:\a\ntfy-windows-client\ntfy-windows-client\repository\output\ntfy-windows-client-x64.zip)
CHECK compact UI release validation: passed


=== STANDARD ERROR ===
[1m[92m    Checking[0m ntfy-windows-client v0.2.0 (D:\a\ntfy-windows-client\ntfy-windows-client\repository)
[1m[92m    Finished[0m `dev` profile [unoptimized + debuginfo] target(s) in 10.11s
[1m[92m   Compiling[0m ntfy-windows-client v0.2.0 (D:\a\ntfy-windows-client\ntfy-windows-client\repository)
[1m[92m    Finished[0m `test` profile [unoptimized + debuginfo] target(s) in 19.99s
[1m[92m     Running[0m unittests src\main.rs (target\debug\deps\ntfy_windows_client-869ceeffc55e605b.exe)
[1m[92m   Compiling[0m ntfy-windows-client v0.2.0 (D:\a\ntfy-windows-client\ntfy-windows-client\repository)
[1m[92m    Finished[0m `release` profile [optimized] target(s) in 2m 25s
